============================= test session starts ==============================
platform linux -- Python 3.12.14, pytest-9.1.1, pluggy-1.6.0 -- /home/zero/.paperclip/instances/default/projects/1b655349-60ca-456e-9961-1d4e08d0468c/444af428-e9fa-4e02-9e31-08ac3047ed93/_default/rag-tool/.venv/bin/python
cachedir: .pytest_cache
rootdir: /home/zero/.paperclip/instances/default/projects/1b655349-60ca-456e-9961-1d4e08d0468c/444af428-e9fa-4e02-9e31-08ac3047ed93/_default/rag-tool
configfile: pyproject.toml
plugins: anyio-4.15.1
collecting ... collected 8 items

tests/test_reconciliation.py::test_deleted_sources_disappear_from_query_and_storage FAILED [ 12%]
tests/test_reconciliation.py::test_empty_root_cleans_only_that_root FAILED [ 25%]
tests/test_reconciliation.py::test_failed_ingestion_never_prunes[missing] PASSED [ 37%]
tests/test_reconciliation.py::test_failed_ingestion_never_prunes[not_directory] PASSED [ 50%]
tests/test_reconciliation.py::test_failed_ingestion_never_prunes[scan] PASSED [ 62%]
tests/test_reconciliation.py::test_failed_ingestion_never_prunes[read] PASSED [ 75%]
tests/test_reconciliation.py::test_failed_ingestion_never_prunes[embed] PASSED [ 87%]
tests/test_reconciliation.py::test_filesystem_propagates_traversal_errors FAILED [100%]

=================================== FAILURES ===================================
____________ test_deleted_sources_disappear_from_query_and_storage _____________

setup = (<starlette.testclient.TestClient object at 0x7a7aea7100b0>, PosixPath('/tmp/paperclip-run-for-2-ff1c5b16-de2-h8XUFe/p...sixPath('/tmp/paperclip-run-for-2-ff1c5b16-de2-h8XUFe/pytest-of-zero/pytest-1/test_deleted_sources_disappear0/rag.db'))

    def test_deleted_sources_disappear_from_query_and_storage(setup):
        client, root, other, db = setup
        removed = root / "removed.md"
        before = snapshot(db)
        assert sum(row[0] == str(removed) for row in before) > 1
        removed.unlink()
        assert client.post("/ingest", json={"path": str(root / ".." / root.name)}).status_code == 200
>       assert str(removed) not in query_paths(client)
E       AssertionError: assert '/tmp/paperclip-run-for-2-ff1c5b16-de2-h8XUFe/pytest-of-zero/pytest-1/test_deleted_sources_disappear0/docs/removed.md' not in {'/tmp/paperclip-run-for-2-ff1c5b16-de2-h8XUFe/pytest-of-zero/pytest-1/test_deleted_sources_disappear0/docs-other/other.md', '/tmp/paperclip-run-for-2-ff1c5b16-de2-h8XUFe/pytest-of-zero/pytest-1/test_deleted_sources_disappear0/docs/removed.md', '/tmp/paperclip-run-for-2-ff1c5b16-de2-h8XUFe/pytest-of-zero/pytest-1/test_deleted_sources_disappear0/docs/retained.md'}
E        +  where '/tmp/paperclip-run-for-2-ff1c5b16-de2-h8XUFe/pytest-of-zero/pytest-1/test_deleted_sources_disappear0/docs/removed.md' = str(PosixPath('/tmp/paperclip-run-for-2-ff1c5b16-de2-h8XUFe/pytest-of-zero/pytest-1/test_deleted_sources_disappear0/docs/removed.md'))
E        +  and   {'/tmp/paperclip-run-for-2-ff1c5b16-de2-h8XUFe/pytest-of-zero/pytest-1/test_deleted_sources_disappear0/docs-other/other.md', '/tmp/paperclip-run-for-2-ff1c5b16-de2-h8XUFe/pytest-of-zero/pytest-1/test_deleted_sources_disappear0/docs/removed.md', '/tmp/paperclip-run-for-2-ff1c5b16-de2-h8XUFe/pytest-of-zero/pytest-1/test_deleted_sources_disappear0/docs/retained.md'} = query_paths(<starlette.testclient.TestClient object at 0x7a7aea7100b0>)

tests/test_reconciliation.py:58: AssertionError
____________________ test_empty_root_cleans_only_that_root _____________________

setup = (<starlette.testclient.TestClient object at 0x7a7ae9dda300>, PosixPath('/tmp/paperclip-run-for-2-ff1c5b16-de2-h8XUFe/p...sixPath('/tmp/paperclip-run-for-2-ff1c5b16-de2-h8XUFe/pytest-of-zero/pytest-1/test_empty_root_cleans_only_th0/rag.db'))

    def test_empty_root_cleans_only_that_root(setup):
        client, root, other, db = setup
        for path in root.glob("*.md"):
            path.unlink()
        response = client.post("/ingest", json={"path": str(root)})
        assert response.status_code == 200
        assert response.json() == {"files": 0, "chunks": 0}
>       assert query_paths(client) == {str(other / "other.md")}
E       AssertionError: assert {'/tmp/paperc.../retained.md'} == {'/tmp/paperc...her/other.md'}
E         
E         Extra items in the left set:
E         '/tmp/paperclip-run-for-2-ff1c5b16-de2-h8XUFe/pytest-of-zero/pytest-1/test_empty_root_cleans_only_th0/docs/removed.md'
E         '/tmp/paperclip-run-for-2-ff1c5b16-de2-h8XUFe/pytest-of-zero/pytest-1/test_empty_root_cleans_only_th0/docs/retained.md'
E         
E         Full diff:
E           {...
E         
E         ...Full output truncated (4 lines hidden), use '-vv' to show

tests/test_reconciliation.py:78: AssertionError
_________________ test_filesystem_propagates_traversal_errors __________________

tmp_path = PosixPath('/tmp/paperclip-run-for-2-ff1c5b16-de2-h8XUFe/pytest-of-zero/pytest-1/test_filesystem_propagates_tra0')
monkeypatch = <_pytest.monkeypatch.MonkeyPatch object at 0x7a7ae945d460>

    def test_filesystem_propagates_traversal_errors(tmp_path, monkeypatch):
        import os
        def failed_scan(path):
            raise PermissionError("cannot enumerate directory")
        monkeypatch.setattr(os, "scandir", failed_scan)
>       with pytest.raises(PermissionError):
             ^^^^^^^^^^^^^^^^^^^^^^^^^^^^^^
E       Failed: DID NOT RAISE PermissionError

tests/test_reconciliation.py:114: Failed
=============================== warnings summary ===============================
.venv/lib/python3.12/site-packages/fastapi/testclient.py:1
  /home/zero/.paperclip/instances/default/projects/1b655349-60ca-456e-9961-1d4e08d0468c/444af428-e9fa-4e02-9e31-08ac3047ed93/_default/rag-tool/.venv/lib/python3.12/site-packages/fastapi/testclient.py:1: StarletteDeprecationWarning: Using `httpx` with `starlette.testclient` is deprecated; install `httpx2` instead.
    from starlette.testclient import TestClient as TestClient  # noqa

-- Docs: https://docs.pytest.org/en/stable/how-to/capture-warnings.html
=========================== short test summary info ============================
FAILED tests/test_reconciliation.py::test_deleted_sources_disappear_from_query_and_storage
FAILED tests/test_reconciliation.py::test_empty_root_cleans_only_that_root - ...
FAILED tests/test_reconciliation.py::test_filesystem_propagates_traversal_errors
==================== 3 failed, 5 passed, 1 warning in 0.70s ====================
exit_code=1
