uv run lint-imports

╔══╗─────────▶╔╗ ╔╗      ╔╗◀───┐
╚╣╠╝◀─────┐  ╔╝╚╗║║────▶╔╝╚╗   │
 ║║   ╔══╦══╦╩╗╔╝║║  ╔╦═╩╗╔╝╔═╦══╗
 ║║╔══╣╔╗║╔╗║╔╣║ ║║ ╔╬╣╔╗║║ ║│║╔═╝
╔╣╠╣║║║╚╝║╚╝║║║╚╗║╚═╝║║║║║╚╗║═╣║
╚══╩╩╩╣╔═╩══╩╝╚═╝╚═══╩╩╝╚╩═╩╩═╩╝
  └──▶║║                    ▲ 
      ╚╝────────────────────┘


---------
Contracts
---------

Analyzed 30 files, 40 dependencies.
-----------------------------------

Layered architecture: api -> infrastructure -> application -> domain KEPT
Core layers stay framework-free KEPT

Contracts: 2 kept, 0 broken.
HF_HUB_OFFLINE=1 uv run pytest -v
============================= test session starts ==============================
platform linux -- Python 3.12.14, pytest-9.1.1, pluggy-1.6.0 -- /home/zero/.paperclip/instances/default/projects/1b655349-60ca-456e-9961-1d4e08d0468c/444af428-e9fa-4e02-9e31-08ac3047ed93/_default/rag-tool/.venv/bin/python
cachedir: .pytest_cache
rootdir: /home/zero/.paperclip/instances/default/projects/1b655349-60ca-456e-9961-1d4e08d0468c/444af428-e9fa-4e02-9e31-08ac3047ed93/_default/rag-tool
configfile: pyproject.toml
testpaths: tests
plugins: anyio-4.15.1
collecting ... collected 10 items

tests/test_e2e.py::test_ingest_then_query_returns_relevant_chunk PASSED  [ 10%]
tests/test_reconciliation.py::test_deleted_sources_disappear_from_query_and_storage PASSED [ 20%]
tests/test_reconciliation.py::test_empty_root_cleans_only_that_root PASSED [ 30%]
tests/test_reconciliation.py::test_failed_ingestion_never_prunes[missing] PASSED [ 40%]
tests/test_reconciliation.py::test_failed_ingestion_never_prunes[not_directory] PASSED [ 50%]
tests/test_reconciliation.py::test_failed_ingestion_never_prunes[scan] PASSED [ 60%]
tests/test_reconciliation.py::test_failed_ingestion_never_prunes[read] PASSED [ 70%]
tests/test_reconciliation.py::test_failed_ingestion_never_prunes[embed] PASSED [ 80%]
tests/test_reconciliation.py::test_filesystem_propagates_traversal_errors PASSED [ 90%]
tests/test_reconciliation.py::test_nested_root_and_symlink_alias_are_scoped PASSED [100%]

=============================== warnings summary ===============================
.venv/lib/python3.12/site-packages/fastapi/testclient.py:1
  /home/zero/.paperclip/instances/default/projects/1b655349-60ca-456e-9961-1d4e08d0468c/444af428-e9fa-4e02-9e31-08ac3047ed93/_default/rag-tool/.venv/lib/python3.12/site-packages/fastapi/testclient.py:1: StarletteDeprecationWarning: Using `httpx` with `starlette.testclient` is deprecated; install `httpx2` instead.
    from starlette.testclient import TestClient as TestClient  # noqa

-- Docs: https://docs.pytest.org/en/stable/how-to/capture-warnings.html
======================== 10 passed, 1 warning in 1.24s =========================
exit_code=0
