============================= test session starts ==============================
platform linux -- Python 3.12.14, pytest-9.1.1, pluggy-1.6.0 -- /home/zero/.paperclip/instances/default/projects/1b655349-60ca-456e-9961-1d4e08d0468c/444af428-e9fa-4e02-9e31-08ac3047ed93/_default/rag-tool/.venv/bin/python
cachedir: .pytest_cache
rootdir: /home/zero/.paperclip/instances/default/projects/1b655349-60ca-456e-9961-1d4e08d0468c/444af428-e9fa-4e02-9e31-08ac3047ed93/_default/rag-tool
configfile: pyproject.toml
plugins: anyio-4.15.1
collecting ... collected 8 items

tests/test_reconciliation.py::test_deleted_sources_disappear_from_query_and_storage PASSED [ 12%]
tests/test_reconciliation.py::test_empty_root_cleans_only_that_root PASSED [ 25%]
tests/test_reconciliation.py::test_failed_ingestion_never_prunes[missing] PASSED [ 37%]
tests/test_reconciliation.py::test_failed_ingestion_never_prunes[not_directory] PASSED [ 50%]
tests/test_reconciliation.py::test_failed_ingestion_never_prunes[scan] PASSED [ 62%]
tests/test_reconciliation.py::test_failed_ingestion_never_prunes[read] PASSED [ 75%]
tests/test_reconciliation.py::test_failed_ingestion_never_prunes[embed] PASSED [ 87%]
tests/test_reconciliation.py::test_filesystem_propagates_traversal_errors PASSED [100%]

=============================== warnings summary ===============================
.venv/lib/python3.12/site-packages/fastapi/testclient.py:1
  /home/zero/.paperclip/instances/default/projects/1b655349-60ca-456e-9961-1d4e08d0468c/444af428-e9fa-4e02-9e31-08ac3047ed93/_default/rag-tool/.venv/lib/python3.12/site-packages/fastapi/testclient.py:1: StarletteDeprecationWarning: Using `httpx` with `starlette.testclient` is deprecated; install `httpx2` instead.
    from starlette.testclient import TestClient as TestClient  # noqa

-- Docs: https://docs.pytest.org/en/stable/how-to/capture-warnings.html
========================= 8 passed, 1 warning in 0.69s =========================
exit_code=0
